
> open3dfloorplan@0.9.0 benchmark:viewer
> playwright test --config=playwright.benchmark.config.ts

[WebServer] (node:13348) Warning: The 'NO_COLOR' env is ignored due to the 'FORCE_COLOR' env being set.
[WebServer] (Use `node --trace-warnings ...` to show where the warning was created)

Running 6 tests using 1 worker

(node:20060) Warning: The 'NO_COLOR' env is ignored due to the 'FORCE_COLOR' env being set.
(Use `node --trace-warnings ...` to show where the warning was created)
RENDER_BENCHMARK {"fixtureVersion":1,"size":"small","profile":"desktop","environment":{"browser":"chromium","viewport":{"width":1440,"height":900},"dpr":1,"ci":false,"renderer":"CI uses software rendering; phone profile is a viewport, not a device"},"project":{"floors":1,"rooms":4,"walls":12,"furniture":24,"activeFurniture":24,"jsonBytes":7361,"distinctModelRequests":3},"firstDrawMs":1843.2631,"readyMs":1844.3266,"renameMs":159.8213999999998,"stackMs":277.6477,"renameAllocations":{"Buffer":0,"Texture":0,"Program":0,"Framebuffer":0,"Renderbuffer":0},"activeResources":{"Buffer":728,"Texture":17,"Program":8,"Framebuffer":10,"Renderbuffer":6},"stackedResources":{"Buffer":728,"Texture":18,"Program":8,"Framebuffer":10,"Renderbuffer":6},"dragFrameIntervalMs":{"median":16.699999999999818,"p95":216.70000000000073,"samples":39}}
  ok 1 [desktop] › tests\benchmarks\viewer.bench.ts:6:68 › small furnished home (14.2s)
RENDER_BENCHMARK {"fixtureVersion":1,"size":"medium","profile":"desktop","environment":{"browser":"chromium","viewport":{"width":1440,"height":900},"dpr":1,"ci":false,"renderer":"CI uses software rendering; phone profile is a viewport, not a device"},"project":{"floors":2,"rooms":18,"walls":48,"furniture":108,"activeFurniture":54,"jsonBytes":30335,"distinctModelRequests":3},"firstDrawMs":1004.1286999999993,"readyMs":1004.9907000000003,"renameMs":160.31820000000153,"stackMs":273.46840000000157,"renameAllocations":{"Buffer":0,"Texture":0,"Program":0,"Framebuffer":0,"Renderbuffer":0},"activeResources":{"Buffer":1383,"Texture":24,"Program":9,"Framebuffer":10,"Renderbuffer":6},"stackedResources":{"Buffer":1674,"Texture":26,"Program":9,"Framebuffer":10,"Renderbuffer":6},"dragFrameIntervalMs":{"median":133.30000000000018,"p95":349.90000000000055,"samples":39}}
  ok 2 [desktop] › tests\benchmarks\viewer.bench.ts:6:68 › medium furnished home (13.3s)
RENDER_BENCHMARK {"fixtureVersion":1,"size":"large","profile":"desktop","environment":{"browser":"chromium","viewport":{"width":1440,"height":900},"dpr":1,"ci":false,"renderer":"CI uses software rendering; phone profile is a viewport, not a device"},"project":{"floors":3,"rooms":48,"walls":120,"furniture":288,"activeFurniture":96,"jsonBytes":76697,"distinctModelRequests":3},"firstDrawMs":863.2207999999991,"readyMs":864.2419999999984,"renameMs":136.8885999999984,"stackMs":588.4053999999996,"renameAllocations":{"Buffer":0,"Texture":0,"Program":0,"Framebuffer":0,"Renderbuffer":0},"activeResources":{"Buffer":2236,"Texture":35,"Program":9,"Framebuffer":10,"Renderbuffer":6},"stackedResources":{"Buffer":3164,"Texture":38,"Program":9,"Framebuffer":10,"Renderbuffer":6},"dragFrameIntervalMs":{"median":166.80000000000018,"p95":350,"samples":39}}
  ok 3 [desktop] › tests\benchmarks\viewer.bench.ts:6:68 › large furnished home (12.8s)
(node:23012) Warning: The 'NO_COLOR' env is ignored due to the 'FORCE_COLOR' env being set.
(Use `node --trace-warnings ...` to show where the warning was created)
RENDER_BENCHMARK {"fixtureVersion":1,"size":"small","profile":"phone-viewport","environment":{"browser":"chromium","viewport":{"width":390,"height":900},"dpr":2,"ci":false,"renderer":"CI uses software rendering; phone profile is a viewport, not a device"},"project":{"floors":1,"rooms":4,"walls":12,"furniture":24,"activeFurniture":24,"jsonBytes":7361,"distinctModelRequests":3},"firstDrawMs":1386.1812999999997,"readyMs":1387.0753,"renameMs":184.3404999999998,"stackMs":236.79489999999987,"renameAllocations":{"Buffer":0,"Texture":0,"Program":0,"Framebuffer":0,"Renderbuffer":0},"activeResources":{"Buffer":728,"Texture":17,"Program":8,"Framebuffer":10,"Renderbuffer":6},"stackedResources":{"Buffer":728,"Texture":18,"Program":8,"Framebuffer":10,"Renderbuffer":6},"dragFrameIntervalMs":{"median":16.700000000000728,"p95":233.30000000000018,"samples":39}}
  ok 4 [phone-viewport] › tests\benchmarks\viewer.bench.ts:6:68 › small furnished home (12.6s)
RENDER_BENCHMARK {"fixtureVersion":1,"size":"medium","profile":"phone-viewport","environment":{"browser":"chromium","viewport":{"width":390,"height":900},"dpr":2,"ci":false,"renderer":"CI uses software rendering; phone profile is a viewport, not a device"},"project":{"floors":2,"rooms":18,"walls":48,"furniture":108,"activeFurniture":54,"jsonBytes":30335,"distinctModelRequests":3},"firstDrawMs":1225.315200000001,"readyMs":1736.0054,"renameMs":96.80420000000049,"stackMs":278.03000000000065,"renameAllocations":{"Buffer":0,"Texture":0,"Program":0,"Framebuffer":0,"Renderbuffer":0},"activeResources":{"Buffer":1383,"Texture":24,"Program":9,"Framebuffer":10,"Renderbuffer":6},"stackedResources":{"Buffer":1674,"Texture":26,"Program":9,"Framebuffer":10,"Renderbuffer":6},"dragFrameIntervalMs":{"median":33.40000000000009,"p95":233.39999999999964,"samples":39}}
  ok 5 [phone-viewport] › tests\benchmarks\viewer.bench.ts:6:68 › medium furnished home (12.4s)
RENDER_BENCHMARK {"fixtureVersion":1,"size":"large","profile":"phone-viewport","environment":{"browser":"chromium","viewport":{"width":390,"height":900},"dpr":2,"ci":false,"renderer":"CI uses software rendering; phone profile is a viewport, not a device"},"project":{"floors":3,"rooms":48,"walls":120,"furniture":288,"activeFurniture":96,"jsonBytes":76697,"distinctModelRequests":3},"firstDrawMs":651.5865000000013,"readyMs":1109.2993999999999,"renameMs":111.23709999999846,"stackMs":481.73639999999796,"renameAllocations":{"Buffer":0,"Texture":0,"Program":0,"Framebuffer":0,"Renderbuffer":0},"activeResources":{"Buffer":2236,"Texture":35,"Program":9,"Framebuffer":10,"Renderbuffer":6},"stackedResources":{"Buffer":3164,"Texture":38,"Program":9,"Framebuffer":10,"Renderbuffer":6},"dragFrameIntervalMs":{"median":83.39999999999964,"p95":366.7000000000007,"samples":39}}
  ok 6 [phone-viewport] › tests\benchmarks\viewer.bench.ts:6:68 › large furnished home (12.1s)

  6 passed (1.3m)
