npm warn deprecated node-domexception@1.0.0: Use your platform's native DOMException instead

> open3dfloorplan@0.9.0 prepare
> svelte-kit sync || echo ''


added 260 packages, and audited 261 packages in 46s

25 packages are looking for funding
  run `npm fund` for details

6 vulnerabilities (1 low, 5 high)

To address issues that do not require attention, run:
  npm audit fix

To address all issues (including breaking changes), run:
  npm audit fix --force

Run `npm audit` for details.
npm warn install-scripts 4 packages have install scripts not yet covered by allowScripts:
npm warn install-scripts   @firebase/util@1.15.3 (postinstall: node ./postinstall.js)
npm warn install-scripts   core-js@3.48.0 (postinstall: node -e "try{require('./postinstall')}catch(e){}")
npm warn install-scripts   esbuild@0.28.2 (postinstall: node install.js)
npm warn install-scripts   protobufjs@7.6.6 (postinstall: node scripts/postinstall)
npm warn install-scripts
npm warn install-scripts Run `npm install-scripts ls` to review, or `npm install-scripts approve <pkg>` to allow.
npm notice
npm notice New major version of npm available! 11.19.0 -> 12.2.0
npm notice Changelog: https://github.com/npm/cli/releases/tag/v12.2.0
npm notice To update run: npm install -g npm@12.2.0
npm notice
