[WebServer] (node:28000) Warning: The 'NO_COLOR' env is ignored due to the 'FORCE_COLOR' env being set.
[WebServer] (Use `node --trace-warnings ...` to show where the warning was created)

Running 36 tests using 1 worker

(node:2488) Warning: The 'NO_COLOR' env is ignored due to the 'FORCE_COLOR' env being set.
(Use `node --trace-warnings ...` to show where the warning was created)
  ok  1 [chromium] › tests\browser\homeforge.spec.ts:24:3 › workspace and Existing Conditions persist and open the exact editor project at 1440px (2.9s)
  ok  2 [chromium] › tests\browser\homeforge.spec.ts:41:3 › HOMEFORGE backup restores independent workspace copies at 1440px (1.6s)
  ok  3 [chromium] › tests\browser\homeforge.spec.ts:24:3 › workspace and Existing Conditions persist and open the exact editor project at 390px (904ms)
  ok  4 [chromium] › tests\browser\homeforge.spec.ts:41:3 › HOMEFORGE backup restores independent workspace copies at 390px (893ms)
  ok  5 [chromium] › tests\browser\homeforge.spec.ts:63:1 › adopts standalone geometry and metadata removal retains the saved editor project (1.9s)
  ok  6 [chromium] › tests\browser\homeforge.spec.ts:82:1 › unchanged workspace selection retains a renovation draft (481ms)
  ok  7 [chromium] › tests\browser\homeforge.spec.ts:91:1 › a committed creation blocks further mutations until a failed refresh recovers (637ms)
  ok  8 [chromium] › tests\browser\homeforge.spec.ts:116:1 › first visit reaches the homeowner dashboard without creating a standalone plan (514ms)
  ok  9 [chromium] › tests\browser\homeforge.spec.ts:124:1 › missing HOMEFORGE references show recovery and never create substitute plans (874ms)
  ok 10 [chromium] › tests\browser\library-restore.spec.ts:40:3 › preview restores copies with usable history and retained recovery data at 1440px (3.5s)
  ok 11 [chromium] › tests\browser\library-restore.spec.ts:40:3 › preview restores copies with usable history and retained recovery data at 390px (2.4s)
  ok 12 [chromium] › tests\browser\storage-observation.spec.ts:4:1 › storage observation never initializes a database and closes failed reads (175ms)
(node:27216) Warning: The 'NO_COLOR' env is ignored due to the 'FORCE_COLOR' env being set.
(Use `node --trace-warnings ...` to show where the warning was created)
  ok 13 [firefox] › tests\browser\homeforge.spec.ts:24:3 › workspace and Existing Conditions persist and open the exact editor project at 1440px (5.0s)
  ok 14 [firefox] › tests\browser\homeforge.spec.ts:41:3 › HOMEFORGE backup restores independent workspace copies at 1440px (1.9s)
  ok 15 [firefox] › tests\browser\homeforge.spec.ts:24:3 › workspace and Existing Conditions persist and open the exact editor project at 390px (1.7s)
  ok 16 [firefox] › tests\browser\homeforge.spec.ts:41:3 › HOMEFORGE backup restores independent workspace copies at 390px (1.7s)
  ok 17 [firefox] › tests\browser\homeforge.spec.ts:63:1 › adopts standalone geometry and metadata removal retains the saved editor project (1.8s)
  ok 18 [firefox] › tests\browser\homeforge.spec.ts:82:1 › unchanged workspace selection retains a renovation draft (862ms)
  ok 19 [firefox] › tests\browser\homeforge.spec.ts:91:1 › a committed creation blocks further mutations until a failed refresh recovers (1.3s)
  ok 20 [firefox] › tests\browser\homeforge.spec.ts:116:1 › first visit reaches the homeowner dashboard without creating a standalone plan (884ms)
  ok 21 [firefox] › tests\browser\homeforge.spec.ts:124:1 › missing HOMEFORGE references show recovery and never create substitute plans (1.6s)
  ok 22 [firefox] › tests\browser\library-restore.spec.ts:40:3 › preview restores copies with usable history and retained recovery data at 1440px (4.8s)
  ok 23 [firefox] › tests\browser\library-restore.spec.ts:40:3 › preview restores copies with usable history and retained recovery data at 390px (3.5s)
  ok 24 [firefox] › tests\browser\storage-observation.spec.ts:4:1 › storage observation never initializes a database and closes failed reads (561ms)
(node:24508) Warning: The 'NO_COLOR' env is ignored due to the 'FORCE_COLOR' env being set.
(Use `node --trace-warnings ...` to show where the warning was created)
  ok 25 [webkit] › tests\browser\homeforge.spec.ts:24:3 › workspace and Existing Conditions persist and open the exact editor project at 1440px (4.4s)
  ok 26 [webkit] › tests\browser\homeforge.spec.ts:41:3 › HOMEFORGE backup restores independent workspace copies at 1440px (4.7s)
  ok 27 [webkit] › tests\browser\homeforge.spec.ts:24:3 › workspace and Existing Conditions persist and open the exact editor project at 390px (2.7s)
  ok 28 [webkit] › tests\browser\homeforge.spec.ts:41:3 › HOMEFORGE backup restores independent workspace copies at 390px (3.0s)
  ok 29 [webkit] › tests\browser\homeforge.spec.ts:63:1 › adopts standalone geometry and metadata removal retains the saved editor project (4.0s)
  ok 30 [webkit] › tests\browser\homeforge.spec.ts:82:1 › unchanged workspace selection retains a renovation draft (1.7s)
  ok 31 [webkit] › tests\browser\homeforge.spec.ts:91:1 › a committed creation blocks further mutations until a failed refresh recovers (2.5s)
  ok 32 [webkit] › tests\browser\homeforge.spec.ts:116:1 › first visit reaches the homeowner dashboard without creating a standalone plan (1.8s)
  ok 33 [webkit] › tests\browser\homeforge.spec.ts:124:1 › missing HOMEFORGE references show recovery and never create substitute plans (3.0s)
  ok 34 [webkit] › tests\browser\library-restore.spec.ts:40:3 › preview restores copies with usable history and retained recovery data at 1440px (8.6s)
  ok 35 [webkit] › tests\browser\library-restore.spec.ts:40:3 › preview restores copies with usable history and retained recovery data at 390px (6.1s)
  ok 36 [webkit] › tests\browser\storage-observation.spec.ts:4:1 › storage observation never initializes a database and closes failed reads (611ms)

  36 passed (1.5m)
