[WebServer] (node:4152) Warning: The 'NO_COLOR' env is ignored due to the 'FORCE_COLOR' env being set.
[WebServer] (Use `node --trace-warnings ...` to show where the warning was created)

Running 33 tests using 1 worker

(node:4040) Warning: The 'NO_COLOR' env is ignored due to the 'FORCE_COLOR' env being set.
(Use `node --trace-warnings ...` to show where the warning was created)
  ok  1 [chromium] › tests\browser\homeforge.spec.ts:24:3 › workspace and Existing Conditions persist and open the exact editor project at 1440px (2.2s)
  ok  2 [chromium] › tests\browser\homeforge.spec.ts:49:3 › HOMEFORGE backup restores independent workspace copies at 1440px (1.1s)
  ok  3 [chromium] › tests\browser\homeforge.spec.ts:24:3 › workspace and Existing Conditions persist and open the exact editor project at 390px (914ms)
  ok  4 [chromium] › tests\browser\homeforge.spec.ts:49:3 › HOMEFORGE backup restores independent workspace copies at 390px (768ms)
  ok  5 [chromium] › tests\browser\homeforge.spec.ts:71:1 › adopts standalone geometry and metadata removal retains the saved editor project (1.5s)
  ok  6 [chromium] › tests\browser\homeforge.spec.ts:90:1 › unchanged workspace selection retains a renovation draft (481ms)
  ok  7 [chromium] › tests\browser\homeforge.spec.ts:99:1 › background refresh does not move the renovation opening link during a click (547ms)
  ok  8 [chromium] › tests\browser\homeforge.spec.ts:112:1 › editor return retains unsaved edits when persistence fails and recovers after retry (1.1s)
  ok  9 [chromium] › tests\browser\homeforge.spec.ts:142:1 › a committed creation blocks further mutations until a failed refresh recovers (612ms)
  ok 10 [chromium] › tests\browser\homeforge.spec.ts:167:1 › first visit reaches the homeowner dashboard without creating a standalone plan (507ms)
  ok 11 [chromium] › tests\browser\homeforge.spec.ts:175:1 › missing HOMEFORGE references show recovery and never create substitute plans (837ms)
(node:9060) Warning: The 'NO_COLOR' env is ignored due to the 'FORCE_COLOR' env being set.
(Use `node --trace-warnings ...` to show where the warning was created)
  ok 12 [firefox] › tests\browser\homeforge.spec.ts:24:3 › workspace and Existing Conditions persist and open the exact editor project at 1440px (3.4s)
  ok 13 [firefox] › tests\browser\homeforge.spec.ts:49:3 › HOMEFORGE backup restores independent workspace copies at 1440px (1.6s)
  ok 14 [firefox] › tests\browser\homeforge.spec.ts:24:3 › workspace and Existing Conditions persist and open the exact editor project at 390px (1.7s)
  ok 15 [firefox] › tests\browser\homeforge.spec.ts:49:3 › HOMEFORGE backup restores independent workspace copies at 390px (1.5s)
  ok 16 [firefox] › tests\browser\homeforge.spec.ts:71:1 › adopts standalone geometry and metadata removal retains the saved editor project (1.8s)
  ok 17 [firefox] › tests\browser\homeforge.spec.ts:90:1 › unchanged workspace selection retains a renovation draft (942ms)
  ok 18 [firefox] › tests\browser\homeforge.spec.ts:99:1 › background refresh does not move the renovation opening link during a click (1.0s)
  ok 19 [firefox] › tests\browser\homeforge.spec.ts:112:1 › editor return retains unsaved edits when persistence fails and recovers after retry (2.1s)
  ok 20 [firefox] › tests\browser\homeforge.spec.ts:142:1 › a committed creation blocks further mutations until a failed refresh recovers (1.2s)
  ok 21 [firefox] › tests\browser\homeforge.spec.ts:167:1 › first visit reaches the homeowner dashboard without creating a standalone plan (1.8s)
  ok 22 [firefox] › tests\browser\homeforge.spec.ts:175:1 › missing HOMEFORGE references show recovery and never create substitute plans (1.6s)
(node:14472) Warning: The 'NO_COLOR' env is ignored due to the 'FORCE_COLOR' env being set.
(Use `node --trace-warnings ...` to show where the warning was created)
  ok 23 [webkit] › tests\browser\homeforge.spec.ts:24:3 › workspace and Existing Conditions persist and open the exact editor project at 1440px (3.8s)
  ok 24 [webkit] › tests\browser\homeforge.spec.ts:49:3 › HOMEFORGE backup restores independent workspace copies at 1440px (3.7s)
  ok 25 [webkit] › tests\browser\homeforge.spec.ts:24:3 › workspace and Existing Conditions persist and open the exact editor project at 390px (2.9s)
  ok 26 [webkit] › tests\browser\homeforge.spec.ts:49:3 › HOMEFORGE backup restores independent workspace copies at 390px (2.8s)
  ok 27 [webkit] › tests\browser\homeforge.spec.ts:71:1 › adopts standalone geometry and metadata removal retains the saved editor project (3.9s)
  ok 28 [webkit] › tests\browser\homeforge.spec.ts:90:1 › unchanged workspace selection retains a renovation draft (1.5s)
  ok 29 [webkit] › tests\browser\homeforge.spec.ts:99:1 › background refresh does not move the renovation opening link during a click (2.1s)
  ok 30 [webkit] › tests\browser\homeforge.spec.ts:112:1 › editor return retains unsaved edits when persistence fails and recovers after retry (3.5s)
  ok 31 [webkit] › tests\browser\homeforge.spec.ts:142:1 › a committed creation blocks further mutations until a failed refresh recovers (2.5s)
  ok 32 [webkit] › tests\browser\homeforge.spec.ts:167:1 › first visit reaches the homeowner dashboard without creating a standalone plan (1.8s)
  ok 33 [webkit] › tests\browser\homeforge.spec.ts:175:1 › missing HOMEFORGE references show recovery and never create substitute plans (2.7s)

  33 passed (1.1m)
