[WebServer] (node:20448) Warning: The 'NO_COLOR' env is ignored due to the 'FORCE_COLOR' env being set.
[WebServer] (Use `node --trace-warnings ...` to show where the warning was created)

Running 45 tests using 1 worker

(node:22508) Warning: The 'NO_COLOR' env is ignored due to the 'FORCE_COLOR' env being set.
(Use `node --trace-warnings ...` to show where the warning was created)
  ok  1 [chromium] › tests\browser\homeforge.spec.ts:24:3 › workspace and Existing Conditions persist and open the exact editor project at 1440px (2.6s)
  ok  2 [chromium] › tests\browser\homeforge.spec.ts:54:3 › HOMEFORGE backup restores independent workspace copies at 1440px (1.1s)
  ok  3 [chromium] › tests\browser\homeforge.spec.ts:24:3 › workspace and Existing Conditions persist and open the exact editor project at 700px (1.2s)
  ok  4 [chromium] › tests\browser\homeforge.spec.ts:54:3 › HOMEFORGE backup restores independent workspace copies at 700px (828ms)
  ok  5 [chromium] › tests\browser\homeforge.spec.ts:24:3 › workspace and Existing Conditions persist and open the exact editor project at 390px (1.0s)
  ok  6 [chromium] › tests\browser\homeforge.spec.ts:54:3 › HOMEFORGE backup restores independent workspace copies at 390px (836ms)
  ok  7 [chromium] › tests\browser\homeforge.spec.ts:76:1 › adopts standalone geometry and metadata removal retains the saved editor project (1.5s)
  ok  8 [chromium] › tests\browser\homeforge.spec.ts:95:1 › unchanged workspace selection retains a renovation draft (466ms)
  ok  9 [chromium] › tests\browser\homeforge.spec.ts:104:1 › background refresh does not move the renovation opening link during a click (555ms)
  ok 10 [chromium] › tests\browser\homeforge.spec.ts:117:1 › options switch with saved edits, reset tools and survive editor and dashboard reload (3.0s)
  ok 11 [chromium] › tests\browser\homeforge.spec.ts:152:1 › failed option save blocks switching and preserves the active pointer until retry (1.9s)
  ok 12 [chromium] › tests\browser\homeforge.spec.ts:183:1 › editor return retains unsaved edits when persistence fails and recovers after retry (1.3s)
  ok 13 [chromium] › tests\browser\homeforge.spec.ts:213:1 › a committed creation blocks further mutations until a failed refresh recovers (636ms)
  ok 14 [chromium] › tests\browser\homeforge.spec.ts:238:1 › first visit reaches the homeowner dashboard without creating a standalone plan (569ms)
  ok 15 [chromium] › tests\browser\homeforge.spec.ts:246:1 › missing HOMEFORGE references show recovery and never create substitute plans (808ms)
(node:27148) Warning: The 'NO_COLOR' env is ignored due to the 'FORCE_COLOR' env being set.
(Use `node --trace-warnings ...` to show where the warning was created)
  ok 16 [firefox] › tests\browser\homeforge.spec.ts:24:3 › workspace and Existing Conditions persist and open the exact editor project at 1440px (3.7s)
  ok 17 [firefox] › tests\browser\homeforge.spec.ts:54:3 › HOMEFORGE backup restores independent workspace copies at 1440px (1.7s)
  ok 18 [firefox] › tests\browser\homeforge.spec.ts:24:3 › workspace and Existing Conditions persist and open the exact editor project at 700px (2.1s)
  ok 19 [firefox] › tests\browser\homeforge.spec.ts:54:3 › HOMEFORGE backup restores independent workspace copies at 700px (1.6s)
  ok 20 [firefox] › tests\browser\homeforge.spec.ts:24:3 › workspace and Existing Conditions persist and open the exact editor project at 390px (2.0s)
  ok 21 [firefox] › tests\browser\homeforge.spec.ts:54:3 › HOMEFORGE backup restores independent workspace copies at 390px (1.5s)
  ok 22 [firefox] › tests\browser\homeforge.spec.ts:76:1 › adopts standalone geometry and metadata removal retains the saved editor project (1.7s)
  ok 23 [firefox] › tests\browser\homeforge.spec.ts:95:1 › unchanged workspace selection retains a renovation draft (957ms)
  ok 24 [firefox] › tests\browser\homeforge.spec.ts:104:1 › background refresh does not move the renovation opening link during a click (1.2s)
  ok 25 [firefox] › tests\browser\homeforge.spec.ts:117:1 › options switch with saved edits, reset tools and survive editor and dashboard reload (4.7s)
  ok 26 [firefox] › tests\browser\homeforge.spec.ts:152:1 › failed option save blocks switching and preserves the active pointer until retry (2.3s)
  ok 27 [firefox] › tests\browser\homeforge.spec.ts:183:1 › editor return retains unsaved edits when persistence fails and recovers after retry (2.2s)
  ok 28 [firefox] › tests\browser\homeforge.spec.ts:213:1 › a committed creation blocks further mutations until a failed refresh recovers (1.1s)
  ok 29 [firefox] › tests\browser\homeforge.spec.ts:238:1 › first visit reaches the homeowner dashboard without creating a standalone plan (926ms)
  ok 30 [firefox] › tests\browser\homeforge.spec.ts:246:1 › missing HOMEFORGE references show recovery and never create substitute plans (1.6s)
(node:26040) Warning: The 'NO_COLOR' env is ignored due to the 'FORCE_COLOR' env being set.
(Use `node --trace-warnings ...` to show where the warning was created)
  ok 31 [webkit] › tests\browser\homeforge.spec.ts:24:3 › workspace and Existing Conditions persist and open the exact editor project at 1440px (3.9s)
  ok 32 [webkit] › tests\browser\homeforge.spec.ts:54:3 › HOMEFORGE backup restores independent workspace copies at 1440px (3.7s)
  ok 33 [webkit] › tests\browser\homeforge.spec.ts:24:3 › workspace and Existing Conditions persist and open the exact editor project at 700px (4.0s)
  ok 34 [webkit] › tests\browser\homeforge.spec.ts:54:3 › HOMEFORGE backup restores independent workspace copies at 700px (3.1s)
  ok 35 [webkit] › tests\browser\homeforge.spec.ts:24:3 › workspace and Existing Conditions persist and open the exact editor project at 390px (3.6s)
  ok 36 [webkit] › tests\browser\homeforge.spec.ts:54:3 › HOMEFORGE backup restores independent workspace copies at 390px (2.9s)
  ok 37 [webkit] › tests\browser\homeforge.spec.ts:76:1 › adopts standalone geometry and metadata removal retains the saved editor project (4.0s)
  ok 38 [webkit] › tests\browser\homeforge.spec.ts:95:1 › unchanged workspace selection retains a renovation draft (1.5s)
  ok 39 [webkit] › tests\browser\homeforge.spec.ts:104:1 › background refresh does not move the renovation opening link during a click (2.1s)
  ok 40 [webkit] › tests\browser\homeforge.spec.ts:117:1 › options switch with saved edits, reset tools and survive editor and dashboard reload (9.4s)
  ok 41 [webkit] › tests\browser\homeforge.spec.ts:152:1 › failed option save blocks switching and preserves the active pointer until retry (5.1s)
  ok 42 [webkit] › tests\browser\homeforge.spec.ts:183:1 › editor return retains unsaved edits when persistence fails and recovers after retry (4.3s)
  ok 43 [webkit] › tests\browser\homeforge.spec.ts:213:1 › a committed creation blocks further mutations until a failed refresh recovers (2.2s)
  ok 44 [webkit] › tests\browser\homeforge.spec.ts:238:1 › first visit reaches the homeowner dashboard without creating a standalone plan (1.7s)
  ok 45 [webkit] › tests\browser\homeforge.spec.ts:246:1 › missing HOMEFORGE references show recovery and never create substitute plans (2.8s)

  45 passed (1.8m)
