[WebServer] (node:9928) Warning: The 'NO_COLOR' env is ignored due to the 'FORCE_COLOR' env being set.
[WebServer] (Use `node --trace-warnings ...` to show where the warning was created)

Running 48 tests using 1 worker

(node:10632) Warning: The 'NO_COLOR' env is ignored due to the 'FORCE_COLOR' env being set.
(Use `node --trace-warnings ...` to show where the warning was created)
  ok  1 [chromium] › tests\browser\homeforge.spec.ts:24:3 › workspace and Existing Conditions persist and open the exact editor project at 1440px (2.8s)
  ok  2 [chromium] › tests\browser\homeforge.spec.ts:54:3 › HOMEFORGE backup restores independent workspace copies at 1440px (1.2s)
  ok  3 [chromium] › tests\browser\homeforge.spec.ts:24:3 › workspace and Existing Conditions persist and open the exact editor project at 700px (1.3s)
  ok  4 [chromium] › tests\browser\homeforge.spec.ts:54:3 › HOMEFORGE backup restores independent workspace copies at 700px (905ms)
  ok  5 [chromium] › tests\browser\homeforge.spec.ts:24:3 › workspace and Existing Conditions persist and open the exact editor project at 390px (1.1s)
  ok  6 [chromium] › tests\browser\homeforge.spec.ts:54:3 › HOMEFORGE backup restores independent workspace copies at 390px (903ms)
  ok  7 [chromium] › tests\browser\homeforge.spec.ts:76:1 › adopts standalone geometry and metadata removal retains the saved editor project (1.7s)
  ok  8 [chromium] › tests\browser\homeforge.spec.ts:95:1 › unchanged workspace selection retains a renovation draft (519ms)
  ok  9 [chromium] › tests\browser\homeforge.spec.ts:104:1 › background refresh does not move the renovation opening link during a click (623ms)
  ok 10 [chromium] › tests\browser\homeforge.spec.ts:117:1 › options switch with saved edits, reset tools and survive editor and dashboard reload (3.6s)
  ok 11 [chromium] › tests\browser\homeforge.spec.ts:152:1 › failed option save blocks switching and preserves the active pointer until retry (2.2s)
  ok 12 [chromium] › tests\browser\homeforge.spec.ts:183:1 › editor return retains unsaved edits when persistence fails and recovers after retry (1.5s)
  ok 13 [chromium] › tests\browser\homeforge.spec.ts:215:1 › a committed creation blocks further mutations until a failed refresh recovers (666ms)
  ok 14 [chromium] › tests\browser\homeforge.spec.ts:240:1 › first visit reaches the homeowner dashboard without creating a standalone plan (622ms)
  ok 15 [chromium] › tests\browser\homeforge.spec.ts:248:1 › missing HOMEFORGE references show recovery and never create substitute plans (852ms)
  ok 16 [chromium] › tests\browser\homeforge.spec.ts:264:1 › baseline protection requires intentional correction, preserves edits on failure and returns on reload and standalone access (3.0s)
(node:5180) Warning: The 'NO_COLOR' env is ignored due to the 'FORCE_COLOR' env being set.
(Use `node --trace-warnings ...` to show where the warning was created)
  ok 17 [firefox] › tests\browser\homeforge.spec.ts:24:3 › workspace and Existing Conditions persist and open the exact editor project at 1440px (4.7s)
  ok 18 [firefox] › tests\browser\homeforge.spec.ts:54:3 › HOMEFORGE backup restores independent workspace copies at 1440px (1.8s)
  ok 19 [firefox] › tests\browser\homeforge.spec.ts:24:3 › workspace and Existing Conditions persist and open the exact editor project at 700px (2.1s)
  ok 20 [firefox] › tests\browser\homeforge.spec.ts:54:3 › HOMEFORGE backup restores independent workspace copies at 700px (1.6s)
  ok 21 [firefox] › tests\browser\homeforge.spec.ts:24:3 › workspace and Existing Conditions persist and open the exact editor project at 390px (2.1s)
  ok 22 [firefox] › tests\browser\homeforge.spec.ts:54:3 › HOMEFORGE backup restores independent workspace copies at 390px (1.6s)
  ok 23 [firefox] › tests\browser\homeforge.spec.ts:76:1 › adopts standalone geometry and metadata removal retains the saved editor project (1.7s)
  ok 24 [firefox] › tests\browser\homeforge.spec.ts:95:1 › unchanged workspace selection retains a renovation draft (854ms)
  ok 25 [firefox] › tests\browser\homeforge.spec.ts:104:1 › background refresh does not move the renovation opening link during a click (1.2s)
  ok 26 [firefox] › tests\browser\homeforge.spec.ts:117:1 › options switch with saved edits, reset tools and survive editor and dashboard reload (4.9s)
  ok 27 [firefox] › tests\browser\homeforge.spec.ts:152:1 › failed option save blocks switching and preserves the active pointer until retry (2.5s)
  ok 28 [firefox] › tests\browser\homeforge.spec.ts:183:1 › editor return retains unsaved edits when persistence fails and recovers after retry (2.4s)
  ok 29 [firefox] › tests\browser\homeforge.spec.ts:215:1 › a committed creation blocks further mutations until a failed refresh recovers (1.3s)
  ok 30 [firefox] › tests\browser\homeforge.spec.ts:240:1 › first visit reaches the homeowner dashboard without creating a standalone plan (980ms)
  ok 31 [firefox] › tests\browser\homeforge.spec.ts:248:1 › missing HOMEFORGE references show recovery and never create substitute plans (1.8s)
  ok 32 [firefox] › tests\browser\homeforge.spec.ts:264:1 › baseline protection requires intentional correction, preserves edits on failure and returns on reload and standalone access (3.9s)
(node:13220) Warning: The 'NO_COLOR' env is ignored due to the 'FORCE_COLOR' env being set.
(Use `node --trace-warnings ...` to show where the warning was created)
  ok 33 [webkit] › tests\browser\homeforge.spec.ts:24:3 › workspace and Existing Conditions persist and open the exact editor project at 1440px (4.9s)
  ok 34 [webkit] › tests\browser\homeforge.spec.ts:54:3 › HOMEFORGE backup restores independent workspace copies at 1440px (4.8s)
  ok 35 [webkit] › tests\browser\homeforge.spec.ts:24:3 › workspace and Existing Conditions persist and open the exact editor project at 700px (7.4s)
  ok 36 [webkit] › tests\browser\homeforge.spec.ts:54:3 › HOMEFORGE backup restores independent workspace copies at 700px (3.3s)
  ok 37 [webkit] › tests\browser\homeforge.spec.ts:24:3 › workspace and Existing Conditions persist and open the exact editor project at 390px (4.1s)
  ok 38 [webkit] › tests\browser\homeforge.spec.ts:54:3 › HOMEFORGE backup restores independent workspace copies at 390px (2.9s)
  ok 39 [webkit] › tests\browser\homeforge.spec.ts:76:1 › adopts standalone geometry and metadata removal retains the saved editor project (4.0s)
  ok 40 [webkit] › tests\browser\homeforge.spec.ts:95:1 › unchanged workspace selection retains a renovation draft (1.5s)
  ok 41 [webkit] › tests\browser\homeforge.spec.ts:104:1 › background refresh does not move the renovation opening link during a click (2.0s)
  ok 42 [webkit] › tests\browser\homeforge.spec.ts:117:1 › options switch with saved edits, reset tools and survive editor and dashboard reload (10.4s)
  ok 43 [webkit] › tests\browser\homeforge.spec.ts:152:1 › failed option save blocks switching and preserves the active pointer until retry (6.0s)
  ok 44 [webkit] › tests\browser\homeforge.spec.ts:183:1 › editor return retains unsaved edits when persistence fails and recovers after retry (4.5s)
  ok 45 [webkit] › tests\browser\homeforge.spec.ts:215:1 › a committed creation blocks further mutations until a failed refresh recovers (2.3s)
  ok 46 [webkit] › tests\browser\homeforge.spec.ts:240:1 › first visit reaches the homeowner dashboard without creating a standalone plan (1.8s)
  ok 47 [webkit] › tests\browser\homeforge.spec.ts:248:1 › missing HOMEFORGE references show recovery and never create substitute plans (2.7s)
  ok 48 [webkit] › tests\browser\homeforge.spec.ts:264:1 › baseline protection requires intentional correction, preserves edits on failure and returns on reload and standalone access (9.8s)

  48 passed (2.3m)
