[WebServer] (node:25900) Warning: The 'NO_COLOR' env is ignored due to the 'FORCE_COLOR' env being set.
[WebServer] (Use `node --trace-warnings ...` to show where the warning was created)

Running 57 tests using 1 worker

(node:24732) Warning: The 'NO_COLOR' env is ignored due to the 'FORCE_COLOR' env being set.
(Use `node --trace-warnings ...` to show where the warning was created)
  ok  1 [chromium] › tests\browser\homeforge.spec.ts:24:3 › workspace and Existing Conditions persist and open the exact editor project at 1440px (2.3s)
  ok  2 [chromium] › tests\browser\homeforge.spec.ts:54:3 › HOMEFORGE backup restores independent workspace copies at 1440px (1.1s)
  ok  3 [chromium] › tests\browser\homeforge.spec.ts:24:3 › workspace and Existing Conditions persist and open the exact editor project at 700px (1.2s)
  ok  4 [chromium] › tests\browser\homeforge.spec.ts:54:3 › HOMEFORGE backup restores independent workspace copies at 700px (867ms)
  ok  5 [chromium] › tests\browser\homeforge.spec.ts:24:3 › workspace and Existing Conditions persist and open the exact editor project at 390px (1.1s)
  ok  6 [chromium] › tests\browser\homeforge.spec.ts:54:3 › HOMEFORGE backup restores independent workspace copies at 390px (832ms)
  ok  7 [chromium] › tests\browser\homeforge.spec.ts:76:1 › adopts standalone geometry and metadata removal retains the saved editor project (1.7s)
  ok  8 [chromium] › tests\browser\homeforge.spec.ts:95:1 › unchanged workspace selection retains a renovation draft (459ms)
  ok  9 [chromium] › tests\browser\homeforge.spec.ts:104:1 › background refresh does not move the renovation opening link during a click (564ms)
  ok 10 [chromium] › tests\browser\homeforge.spec.ts:117:1 › options switch with saved edits, reset tools and survive editor and dashboard reload (3.2s)
  ok 11 [chromium] › tests\browser\homeforge.spec.ts:152:1 › failed option save blocks switching and preserves the active pointer until retry (1.9s)
  ok 12 [chromium] › tests\browser\homeforge.spec.ts:183:1 › editor return retains unsaved edits when persistence fails and recovers after retry (1.3s)
  ok 13 [chromium] › tests\browser\homeforge.spec.ts:215:1 › a committed creation blocks further mutations until a failed refresh recovers (612ms)
  ok 14 [chromium] › tests\browser\homeforge.spec.ts:240:1 › first visit reaches the homeowner dashboard without creating a standalone plan (491ms)
  ok 15 [chromium] › tests\browser\homeforge.spec.ts:248:1 › missing HOMEFORGE references show recovery and never create substitute plans (756ms)
  ok 16 [chromium] › tests\browser\homeforge.spec.ts:264:1 › baseline protection requires intentional correction, preserves edits on failure and returns on reload and standalone access (2.5s)
  ok 17 [chromium] › tests\browser\homeforge.spec.ts:310:3 › option removal protects provenance, retries failures and retains projects at 1440px (2.0s)
  ok 18 [chromium] › tests\browser\homeforge.spec.ts:310:3 › option removal protects provenance, retries failures and retains projects at 390px (1.7s)
  ok 19 [chromium] › tests\browser\homeforge.spec.ts:358:1 › damaged metadata archives exact bytes atomically, retries and exports recovery without hiding healthy projects (1.4s)
(node:23680) Warning: The 'NO_COLOR' env is ignored due to the 'FORCE_COLOR' env being set.
(Use `node --trace-warnings ...` to show where the warning was created)
  ok 20 [firefox] › tests\browser\homeforge.spec.ts:24:3 › workspace and Existing Conditions persist and open the exact editor project at 1440px (3.4s)
  ok 21 [firefox] › tests\browser\homeforge.spec.ts:54:3 › HOMEFORGE backup restores independent workspace copies at 1440px (1.6s)
  ok 22 [firefox] › tests\browser\homeforge.spec.ts:24:3 › workspace and Existing Conditions persist and open the exact editor project at 700px (2.2s)
  ok 23 [firefox] › tests\browser\homeforge.spec.ts:54:3 › HOMEFORGE backup restores independent workspace copies at 700px (1.5s)
  ok 24 [firefox] › tests\browser\homeforge.spec.ts:24:3 › workspace and Existing Conditions persist and open the exact editor project at 390px (2.3s)
  ok 25 [firefox] › tests\browser\homeforge.spec.ts:54:3 › HOMEFORGE backup restores independent workspace copies at 390px (1.7s)
  ok 26 [firefox] › tests\browser\homeforge.spec.ts:76:1 › adopts standalone geometry and metadata removal retains the saved editor project (1.8s)
  ok 27 [firefox] › tests\browser\homeforge.spec.ts:95:1 › unchanged workspace selection retains a renovation draft (919ms)
  ok 28 [firefox] › tests\browser\homeforge.spec.ts:104:1 › background refresh does not move the renovation opening link during a click (1.1s)
  ok 29 [firefox] › tests\browser\homeforge.spec.ts:117:1 › options switch with saved edits, reset tools and survive editor and dashboard reload (4.7s)
  ok 30 [firefox] › tests\browser\homeforge.spec.ts:152:1 › failed option save blocks switching and preserves the active pointer until retry (2.5s)
  ok 31 [firefox] › tests\browser\homeforge.spec.ts:183:1 › editor return retains unsaved edits when persistence fails and recovers after retry (2.3s)
  ok 32 [firefox] › tests\browser\homeforge.spec.ts:215:1 › a committed creation blocks further mutations until a failed refresh recovers (1.1s)
  ok 33 [firefox] › tests\browser\homeforge.spec.ts:240:1 › first visit reaches the homeowner dashboard without creating a standalone plan (841ms)
  ok 34 [firefox] › tests\browser\homeforge.spec.ts:248:1 › missing HOMEFORGE references show recovery and never create substitute plans (1.6s)
  ok 35 [firefox] › tests\browser\homeforge.spec.ts:264:1 › baseline protection requires intentional correction, preserves edits on failure and returns on reload and standalone access (3.6s)
  ok 36 [firefox] › tests\browser\homeforge.spec.ts:310:3 › option removal protects provenance, retries failures and retains projects at 1440px (3.1s)
  ok 37 [firefox] › tests\browser\homeforge.spec.ts:310:3 › option removal protects provenance, retries failures and retains projects at 390px (3.1s)
  ok 38 [firefox] › tests\browser\homeforge.spec.ts:358:1 › damaged metadata archives exact bytes atomically, retries and exports recovery without hiding healthy projects (2.4s)
(node:16008) Warning: The 'NO_COLOR' env is ignored due to the 'FORCE_COLOR' env being set.
(Use `node --trace-warnings ...` to show where the warning was created)
  ok 39 [webkit] › tests\browser\homeforge.spec.ts:24:3 › workspace and Existing Conditions persist and open the exact editor project at 1440px (4.4s)
  ok 40 [webkit] › tests\browser\homeforge.spec.ts:54:3 › HOMEFORGE backup restores independent workspace copies at 1440px (3.7s)
  ok 41 [webkit] › tests\browser\homeforge.spec.ts:24:3 › workspace and Existing Conditions persist and open the exact editor project at 700px (4.3s)
  ok 42 [webkit] › tests\browser\homeforge.spec.ts:54:3 › HOMEFORGE backup restores independent workspace copies at 700px (3.1s)
  ok 43 [webkit] › tests\browser\homeforge.spec.ts:24:3 › workspace and Existing Conditions persist and open the exact editor project at 390px (3.9s)
  ok 44 [webkit] › tests\browser\homeforge.spec.ts:54:3 › HOMEFORGE backup restores independent workspace copies at 390px (2.8s)
  ok 45 [webkit] › tests\browser\homeforge.spec.ts:76:1 › adopts standalone geometry and metadata removal retains the saved editor project (4.1s)
  ok 46 [webkit] › tests\browser\homeforge.spec.ts:95:1 › unchanged workspace selection retains a renovation draft (1.7s)
  ok 47 [webkit] › tests\browser\homeforge.spec.ts:104:1 › background refresh does not move the renovation opening link during a click (2.0s)
  ok 48 [webkit] › tests\browser\homeforge.spec.ts:117:1 › options switch with saved edits, reset tools and survive editor and dashboard reload (10.6s)
  ok 49 [webkit] › tests\browser\homeforge.spec.ts:152:1 › failed option save blocks switching and preserves the active pointer until retry (5.8s)
  ok 50 [webkit] › tests\browser\homeforge.spec.ts:183:1 › editor return retains unsaved edits when persistence fails and recovers after retry (4.5s)
  ok 51 [webkit] › tests\browser\homeforge.spec.ts:215:1 › a committed creation blocks further mutations until a failed refresh recovers (2.2s)
  ok 52 [webkit] › tests\browser\homeforge.spec.ts:240:1 › first visit reaches the homeowner dashboard without creating a standalone plan (1.8s)
  ok 53 [webkit] › tests\browser\homeforge.spec.ts:248:1 › missing HOMEFORGE references show recovery and never create substitute plans (2.7s)
  ok 54 [webkit] › tests\browser\homeforge.spec.ts:264:1 › baseline protection requires intentional correction, preserves edits on failure and returns on reload and standalone access (8.5s)
  ok 55 [webkit] › tests\browser\homeforge.spec.ts:310:3 › option removal protects provenance, retries failures and retains projects at 1440px (8.6s)
  ok 56 [webkit] › tests\browser\homeforge.spec.ts:310:3 › option removal protects provenance, retries failures and retains projects at 390px (6.9s)
  ok 57 [webkit] › tests\browser\homeforge.spec.ts:358:1 › damaged metadata archives exact bytes atomically, retries and exports recovery without hiding healthy projects (5.9s)

  57 passed (2.7m)
