
> open3dfloorplan@0.9.0 test:browser
> playwright test tests/browser/context-furniture-actions.spec.ts tests/browser/curved-opening-drop.spec.ts --workers=1

[WebServer] (node:27156) Warning: The 'NO_COLOR' env is ignored due to the 'FORCE_COLOR' env being set.
[WebServer] (Use `node --trace-warnings ...` to show where the warning was created)

Running 15 tests using 1 worker

(node:28368) Warning: The 'NO_COLOR' env is ignored due to the 'FORCE_COLOR' env being set.
(Use `node --trace-warnings ...` to show where the warning was created)
  ok  1 [chromium] › tests\browser\context-furniture-actions.spec.ts:5:1 › furniture context actions preserve size and undo stacking order (6.9s)
  ok  2 [chromium] › tests\browser\curved-opening-drop.spec.ts:4:80 › drop a door uses the curved wall path and supports Undo (2.5s)
  ok  3 [chromium] › tests\browser\curved-opening-drop.spec.ts:4:80 › drop a window uses the curved wall path and supports Undo (2.4s)
  ok  4 [chromium] › tests\browser\curved-opening-drop.spec.ts:4:80 › click a door uses the curved wall path and supports Undo (2.3s)
  ok  5 [chromium] › tests\browser\curved-opening-drop.spec.ts:4:80 › click a window uses the curved wall path and supports Undo (2.3s)
(node:22160) Warning: The 'NO_COLOR' env is ignored due to the 'FORCE_COLOR' env being set.
(Use `node --trace-warnings ...` to show where the warning was created)
  ok  6 [firefox] › tests\browser\context-furniture-actions.spec.ts:5:1 › furniture context actions preserve size and undo stacking order (8.0s)
  ok  7 [firefox] › tests\browser\curved-opening-drop.spec.ts:4:80 › drop a door uses the curved wall path and supports Undo (2.2s)
  ok  8 [firefox] › tests\browser\curved-opening-drop.spec.ts:4:80 › drop a window uses the curved wall path and supports Undo (2.1s)
  ok  9 [firefox] › tests\browser\curved-opening-drop.spec.ts:4:80 › click a door uses the curved wall path and supports Undo (2.2s)
  ok 10 [firefox] › tests\browser\curved-opening-drop.spec.ts:4:80 › click a window uses the curved wall path and supports Undo (2.3s)
(node:25796) Warning: The 'NO_COLOR' env is ignored due to the 'FORCE_COLOR' env being set.
(Use `node --trace-warnings ...` to show where the warning was created)
  ok 11 [webkit] › tests\browser\context-furniture-actions.spec.ts:5:1 › furniture context actions preserve size and undo stacking order (15.3s)
  ok 12 [webkit] › tests\browser\curved-opening-drop.spec.ts:4:80 › drop a door uses the curved wall path and supports Undo (7.1s)
  ok 13 [webkit] › tests\browser\curved-opening-drop.spec.ts:4:80 › drop a window uses the curved wall path and supports Undo (6.5s)
  ok 14 [webkit] › tests\browser\curved-opening-drop.spec.ts:4:80 › click a door uses the curved wall path and supports Undo (6.5s)
  ok 15 [webkit] › tests\browser\curved-opening-drop.spec.ts:4:80 › click a window uses the curved wall path and supports Undo (6.9s)

  15 passed (1.3m)
