
> open3dfloorplan@0.9.0 test:browser
> playwright test tests/browser/context-furniture-actions.spec.ts tests/browser/curved-opening-drop.spec.ts --project=webkit --workers=1

[WebServer] (node:3476) Warning: The 'NO_COLOR' env is ignored due to the 'FORCE_COLOR' env being set.
[WebServer] (Use `node --trace-warnings ...` to show where the warning was created)

Running 5 tests using 1 worker

(node:14728) Warning: The 'NO_COLOR' env is ignored due to the 'FORCE_COLOR' env being set.
(Use `node --trace-warnings ...` to show where the warning was created)
  ok 1 [webkit] › tests\browser\context-furniture-actions.spec.ts:5:1 › furniture context actions preserve size and undo stacking order (15.1s)
  x  2 [webkit] › tests\browser\curved-opening-drop.spec.ts:4:80 › drop a door uses the curved wall path and supports Undo (4.4s)
(node:25444) Warning: The 'NO_COLOR' env is ignored due to the 'FORCE_COLOR' env being set.
(Use `node --trace-warnings ...` to show where the warning was created)
  x  3 [webkit] › tests\browser\curved-opening-drop.spec.ts:4:80 › drop a window uses the curved wall path and supports Undo (4.5s)
(node:404) Warning: The 'NO_COLOR' env is ignored due to the 'FORCE_COLOR' env being set.
(Use `node --trace-warnings ...` to show where the warning was created)
  ok 4 [webkit] › tests\browser\curved-opening-drop.spec.ts:4:80 › click a door uses the curved wall path and supports Undo (7.5s)
  ok 5 [webkit] › tests\browser\curved-opening-drop.spec.ts:4:80 › click a window uses the curved wall path and supports Undo (7.0s)


  1) [webkit] › tests\browser\curved-opening-drop.spec.ts:4:80 › drop a door uses the curved wall path and supports Undo 

    Error: expect(received).toHaveLength(expected)

    Expected length: 1
    Received length: 0
    Received array:  []

      28 |   else { await card.click(); await canvas.click({ position }); await canvas.press('Escape'); }
      29 |   const placed = await exported(), key = kind === 'door' ? 'doors' : 'windows';
    > 30 |   expect(placed[0][key]).toHaveLength(1);
         |                          ^
      31 |   expect(placed[0][key][0]).toMatchObject({ wallId: floor.walls[0].id, type: kind === 'door' ? 'single' : 'fixed' });
      32 |   expect(placed[0][key][0].position).toBeCloseTo(.5, 1);
      33 |   expect(placed[0].walls).toEqual(before[0].walls);
        at C:\DEVELOPMENT\HOMEFORGE\tests\browser\curved-opening-drop.spec.ts:30:26

    attachment #1: screenshot (image/png) ──────────────────────────────────────────────────────────
    test-results\curved-opening-drop-drop-a-4bed4-wall-path-and-supports-Undo-webkit\test-failed-1.png
    ────────────────────────────────────────────────────────────────────────────────────────────────

    Error Context: test-results\curved-opening-drop-drop-a-4bed4-wall-path-and-supports-Undo-webkit\error-context.md

    attachment #3: trace (application/zip) ─────────────────────────────────────────────────────────
    test-results\curved-opening-drop-drop-a-4bed4-wall-path-and-supports-Undo-webkit\trace.zip
    Usage:

        npx playwright show-trace test-results\curved-opening-drop-drop-a-4bed4-wall-path-and-supports-Undo-webkit\trace.zip

    ────────────────────────────────────────────────────────────────────────────────────────────────

  2) [webkit] › tests\browser\curved-opening-drop.spec.ts:4:80 › drop a window uses the curved wall path and supports Undo 

    Error: expect(received).toHaveLength(expected)

    Expected length: 1
    Received length: 0
    Received array:  []

      28 |   else { await card.click(); await canvas.click({ position }); await canvas.press('Escape'); }
      29 |   const placed = await exported(), key = kind === 'door' ? 'doors' : 'windows';
    > 30 |   expect(placed[0][key]).toHaveLength(1);
         |                          ^
      31 |   expect(placed[0][key][0]).toMatchObject({ wallId: floor.walls[0].id, type: kind === 'door' ? 'single' : 'fixed' });
      32 |   expect(placed[0][key][0].position).toBeCloseTo(.5, 1);
      33 |   expect(placed[0].walls).toEqual(before[0].walls);
        at C:\DEVELOPMENT\HOMEFORGE\tests\browser\curved-opening-drop.spec.ts:30:26

    attachment #1: screenshot (image/png) ──────────────────────────────────────────────────────────
    test-results\curved-opening-drop-drop-a-986c1-wall-path-and-supports-Undo-webkit\test-failed-1.png
    ────────────────────────────────────────────────────────────────────────────────────────────────

    Error Context: test-results\curved-opening-drop-drop-a-986c1-wall-path-and-supports-Undo-webkit\error-context.md

    attachment #3: trace (application/zip) ─────────────────────────────────────────────────────────
    test-results\curved-opening-drop-drop-a-986c1-wall-path-and-supports-Undo-webkit\trace.zip
    Usage:

        npx playwright show-trace test-results\curved-opening-drop-drop-a-986c1-wall-path-and-supports-Undo-webkit\trace.zip

    ────────────────────────────────────────────────────────────────────────────────────────────────

  2 failed
    [webkit] › tests\browser\curved-opening-drop.spec.ts:4:80 › drop a door uses the curved wall path and supports Undo 
    [webkit] › tests\browser\curved-opening-drop.spec.ts:4:80 › drop a window uses the curved wall path and supports Undo 
  3 passed (41.1s)
